// Jest Snapshot v1, https://goo.gl/fbAQLP

exports[`renders correctly 1`] = `
<View
  style={Object {}}
>
  <View
    style={
      Object {
        "backgroundColor": "#fff",
        "borderBottomWidth": 0.5,
        "borderColor": "#ccc",
        "borderLeftWidth": 0.5,
        "borderRadius": 2,
        "borderRightWidth": 0.5,
        "borderTopWidth": 0.5,
        "elevation": 3,
        "flexWrap": "nowrap",
        "marginBottom": 5,
        "marginLeft": 2,
        "marginRight": 2,
        "marginTop": 5,
        "shadowColor": "#000",
        "shadowOffset": Object {
          "height": 2,
          "width": 0,
        },
        "shadowOpacity": 0.1,
        "shadowRadius": 1.5,
      }
    }
  >
    <View
      bordered={true}
      header={true}
      style={
        Object {
          "alignItems": "center",
          "backgroundColor": "#fff",
          "borderBottomWidth": 0.5,
          "borderColor": "#ccc",
          "borderRadius": 2,
          "flexDirection": "row",
          "paddingBottom": 15,
          "paddingLeft": 15,
          "paddingRight": 15,
          "paddingTop": 15,
        }
      }
    >
      <Text
        style={
          Object {
            "fontSize": 20,
            "fontWeight": "bold",
          }
        }
      />
    </View>
    <View
      bordered={true}
      style={
        Object {
          "alignItems": "center",
          "backgroundColor": "#fff",
          "borderBottomWidth": 0.5,
          "borderColor": "#ccc",
          "borderRadius": 2,
          "flexDirection": "row",
          "paddingBottom": 10,
          "paddingLeft": 15,
          "paddingRight": 15,
          "paddingTop": 10,
        }
      }
    >
      <Text
        active={true}
        allowFontScaling={false}
        style={
          Array [
            Object {
              "color": undefined,
              "fontSize": 12,
            },
            Array [
              Object {
                "color": "#000",
                "fontSize": 30,
              },
              Object {
                "color": "#000",
                "fontSize": 28,
                "width": 35,
              },
            ],
            Object {
              "fontFamily": "Ionicons",
              "fontStyle": "normal",
              "fontWeight": "normal",
            },
          ]
        }
      >
        
      </Text>
      <Text />
    </View>
    <View
      bordered={true}
      style={
        Object {
          "alignItems": "center",
          "backgroundColor": "#fff",
          "borderBottomWidth": 0.5,
          "borderColor": "#ccc",
          "borderRadius": 2,
          "flexDirection": "row",
          "paddingBottom": 10,
          "paddingLeft": 15,
          "paddingRight": 15,
          "paddingTop": 10,
        }
      }
    >
      <Text
        active={true}
        allowFontScaling={false}
        style={
          Array [
            Object {
              "color": undefined,
              "fontSize": 12,
            },
            Array [
              Object {
                "color": "#000",
                "fontSize": 30,
              },
              Object {
                "color": "#000",
                "fontSize": 28,
                "width": 35,
              },
            ],
            Object {
              "fontFamily": "Ionicons",
              "fontStyle": "normal",
              "fontWeight": "normal",
            },
          ]
        }
      >
        
      </Text>
      <Text />
    </View>
    <View
      bordered={true}
      style={
        Object {
          "alignItems": "center",
          "backgroundColor": "#fff",
          "borderBottomWidth": 0.5,
          "borderColor": "#ccc",
          "borderRadius": 2,
          "flexDirection": "row",
          "paddingBottom": 10,
          "paddingLeft": 15,
          "paddingRight": 15,
          "paddingTop": 10,
        }
      }
    >
      <Text
        active={true}
        allowFontScaling={false}
        style={
          Array [
            Object {
              "color": undefined,
              "fontSize": 12,
            },
            Array [
              Object {
                "color": "#000",
                "fontSize": 30,
              },
              Object {
                "color": "#000",
                "fontSize": 28,
                "width": 35,
              },
            ],
            Object {
              "fontFamily": "Ionicons",
              "fontStyle": "normal",
              "fontWeight": "normal",
            },
          ]
        }
      >
        
      </Text>
      <Text />
    </View>
    <View
      footer={true}
      style={
        Array [
          Object {
            "alignItems": "center",
            "backgroundColor": "#fff",
            "borderBottomWidth": null,
            "borderRadius": 2,
            "flexDirection": "row",
            "paddingBottom": 10,
            "paddingLeft": 15,
            "paddingRight": 15,
            "paddingTop": 10,
          },
          Object {
            "justifyContent": "space-between",
          },
        ]
      }
    >
      <Text
        style={
          Object {
            "fontSize": 10,
          }
        }
      >
        timezone : 
      </Text>
      <Text
        style={
          Object {
            "fontSize": 10,
          }
        }
      >
        status : 
      </Text>
    </View>
  </View>
  <View
    style={Object {}}
  >
    <Text
      style={
        Array [
          Object {
            "fontSize": 20,
            "fontWeight": "bold",
          },
          Object {
            "marginHorizontal": 10,
          },
        ]
      }
    >
      Images
    </Text>
    <RCTScrollView
      horizontal={true}
      showsHorizontalScrollIndicator={false}
      style={
        Object {
          "padding": 5,
        }
      }
    >
      <View />
    </RCTScrollView>
  </View>
  <View
    style={
      Object {
        "backgroundColor": "#fff",
        "borderBottomWidth": 0.5,
        "borderColor": "#ccc",
        "borderLeftWidth": 0.5,
        "borderRadius": 2,
        "borderRightWidth": 0.5,
        "borderTopWidth": 0.5,
        "elevation": 3,
        "flexWrap": "nowrap",
        "marginBottom": 5,
        "marginLeft": 2,
        "marginRight": 2,
        "marginTop": 5,
        "shadowColor": "#000",
        "shadowOffset": Object {
          "height": 2,
          "width": 0,
        },
        "shadowOpacity": 0.1,
        "shadowRadius": 1.5,
      }
    }
  >
    <View
      header={true}
      style={
        Object {
          "alignItems": "center",
          "backgroundColor": "#fff",
          "borderBottomWidth": null,
          "borderRadius": 2,
          "flexDirection": "row",
          "paddingBottom": 15,
          "paddingLeft": 15,
          "paddingRight": 15,
          "paddingTop": 15,
        }
      }
    >
      <Text
        style={
          Object {
            "fontSize": 20,
            "fontWeight": "bold",
          }
        }
      >
        Review
      </Text>
    </View>
  </View>
</View>
`;
